// Jest Snapshot v1, https://goo.gl/fbAQLP

exports[`render logo 1`] = `
<DocumentFragment>
  <div
    class="logo"
  >
    AnimeOne
  </div>
</DocumentFragment>
`;
