// Jest Snapshot v1, https://goo.gl/fbAQLP

exports[`render footer 1`] = `
<div>
  <div
    class="footer"
  >
    <div
      class="footer_wrapper"
    >
      <div
        class="footer_list"
      >
        <span>
          Accord
        </span>
        <span>
          Privacy
        </span>
        <span>
          For copyright holders
        </span>
      </div>
      <div>
        Â© RetusinðŸ’™ 2022
      </div>
    </div>
  </div>
</div>
`;
