// Jest Snapshot v1, https://goo.gl/fbAQLP

exports[`render menu 1`] = `
<div>
  <div
    class="login"
  >
    <button
      class="login_button"
      type="button"
    >
      <span>
        <svg
          fill="currentColor"
          height="25"
          stroke="currentColor"
          stroke-width="0"
          viewBox="0 0 24 24"
          width="25"
          xmlns="http://www.w3.org/2000/svg"
        >
          <path
            d="m13 16 5-4-5-4v3H4v2h9z"
          />
          <path
            d="M20 3h-9c-1.103 0-2 .897-2 2v4h2V5h9v14h-9v-4H9v4c0 1.103.897 2 2 2h9c1.103 0 2-.897 2-2V5c0-1.103-.897-2-2-2z"
          />
        </svg>
      </span>
      <span>
        Login
      </span>
    </button>
  </div>
</div>
`;
